// Jest Snapshot v1, https://goo.gl/fbAQLP

exports[`The App renders correctly 1`] = `
<div>
  <div>
    <h1>
      Husky
    </h1>
  </div>
</div>
`;
